[CodeHelperbot.cf/index.html]
[backblue.gif]
[fade.gif]
[index.html]
[cdn.discordapp.com/attachments/852636398242365460/852810936434950164/beyaz.png]
[CodeHelperbot.cf/beyaz.png]
[CodeHelperbot.cf/assets/bootstrap/css/bootstrap.min.4.delayed]
[CodeHelperbot.cf/css-family=Alfa+Slab+One.css]
[CodeHelperbot.cf/assets/fonts/font-awesome.min.8.delayed]
[CodeHelperbot.cf/bootstrap.min.css]
[CodeHelperbot.cf/font-awesome.min.css]
[CodeHelperbot.cf/assets/fonts/ionicons.min.css]
[CodeHelperbot.cf/animate.min.css]
[cdnjs.cloudflare.com/ajax/libs/animate.css/3.5.2/animate.min.css]
[CodeHelperbot.cf/ionicons.min.css]
[CodeHelperbot.cf/styles.css]
[CodeHelperbot.cf/assets/css/styles.css]
[CodeHelperbot.cf/lucipp.gif]
[CodeHelperbot.cf/cinar.png]
[CodeHelperbot.cf/assets/img/superthumb.14.delayed]
[CodeHelperbot.cf/jquery.min.js]
[CodeHelperbot.cf/assets/js/jquery.min.js]
[CodeHelperbot.cf/Counting.js]
[CodeHelperbot.cf/untitled.js]
[CodeHelperbot.cf/bootstrap.min.js]
[CodeHelperbot.cf/killyourself.mp3]
[CodeHelperbot.cf/index.html]
[CodeHelperbot.cf/bootstrap.min.css]
[CodeHelperbot.cf/assets/bootstrap/css/bootstrap.min.html]
[CodeHelperbot.cf/css-family=Alfa+Slab+One.html]
[CodeHelperbot.cf/fontawesome-webfont.eot-v=4.7.man]
[CodeHelperbot.cf/fontawesome-webfont.eot-]
[CodeHelperbot.cf/fontawesome-webfont.woff2-v=4.7.man]
[CodeHelperbot.cf/fontawesome-webfont.woff-v=4.7.man]
[CodeHelperbot.cf/fontawesome-webfont.ttf-v=4.7.man]
[CodeHelperbot.cf/fontawesome-webfont.svg-v=4.7.man]
[CodeHelperbot.cf/font-awesome.min.css]
[CodeHelperbot.cf/assets/fonts/font-awesome.min.html]
[CodeHelperbot.cf/ionicons.eot-v=2.0.0]
[CodeHelperbot.cf/ionicons.ttf-v=2.0.0]
[CodeHelperbot.cf/ionicons.woff-v=2.0.0]
[CodeHelperbot.cf/ionicons.min.css]
[CodeHelperbot.cf/assets/fonts/ionicons.min.html]
[CodeHelperbot.cf/animate.min.html]
[cdnjs.cloudflare.com/ajax/libs/animate.css/3.5.2/animate.min.css]
[CodeHelperbot.cf/styles.css]
[CodeHelperbot.cf/assets/css/styles.html]
[CodeHelperbot.cf/ionicons.svg-v=2.0.0]
[CodeHelperbot.cf/assets/img/superthumb.html]
[CodeHelperbot.cf/assets/js/jquery.min.html]
